// Jest Snapshot v1, https://goo.gl/fbAQLP

exports[`renders without crashing 1`] = `
<div
  className="Tableau"
  style={Object {}}
>
  <ul
    className="Tableau-cardList"
  >
    <li
      className="TableauCard"
      onMouseEnter={[Function]}
      onMouseLeave={[Function]}
      onTouchEnd={[Function]}
      onTouchStart={[Function]}
      style={
        Object {
          "backgroundColor": "rgb(141,110,99)",
          "border": "1px solid rgba(93, 64, 55)",
        }
      }
    >
      <ul
        className="TableauCard-effectList"
      >
        <li
          className="TableauCard-effect"
        >
          Ore
        </li>
      </ul>
    </li>
    <li
      className="TableauCard"
      onMouseEnter={[Function]}
      onMouseLeave={[Function]}
      onTouchEnd={[Function]}
      onTouchStart={[Function]}
      style={
        Object {
          "backgroundColor": "rgb(141,110,99)",
          "border": "1px solid rgba(93, 64, 55)",
        }
      }
    >
      <ul
        className="TableauCard-effectList"
      >
        <li
          className="TableauCard-effect"
        >
          Clay / Ore
        </li>
      </ul>
    </li>
  </ul>
  <ul
    className="Tableau-cardList"
  >
    <li
      className="TableauCard"
      onMouseEnter={[Function]}
      onMouseLeave={[Function]}
      onTouchEnd={[Function]}
      onTouchStart={[Function]}
      style={
        Object {
          "backgroundColor": "rgb(33,150,243)",
          "border": "1px solid rgba(93, 64, 55)",
        }
      }
    >
      <ul
        className="TableauCard-effectList"
      >
        <li
          className="TableauCard-effect"
        >
          3 points
        </li>
      </ul>
    </li>
    <li
      className="TableauCard"
      onMouseEnter={[Function]}
      onMouseLeave={[Function]}
      onTouchEnd={[Function]}
      onTouchStart={[Function]}
      style={
        Object {
          "backgroundColor": "rgb(33,150,243)",
          "border": "1px solid rgba(93, 64, 55)",
        }
      }
    >
      <ul
        className="TableauCard-effectList"
      >
        <li
          className="TableauCard-effect"
        >
          2 points
        </li>
      </ul>
    </li>
  </ul>
</div>
`;
